// Jest Snapshot v1, https://goo.gl/fbAQLP

exports[`Pruebas en el componente RealRef Debe mostrarse correctamente 1`] = `
<div>
  <h1>
    Caso de uso de useRef
  </h1>
  <hr />
  <button
    className="btn btn-primary mt-5"
    onClick={[Function]}
  >
     Mostrar/Ocultar 
  </button>
</div>
`;
