// Jest Snapshot v1, https://goo.gl/fbAQLP

exports[`Pruebas en el componente AppRouter Debe mostrarse correctamente 1`] = `
Array [
  <div>
    <nav
      className="navbar navbar-expand-sm navbar-dark bg-dark"
    >
      <a
        className="navbar-brand"
        href="/useContext-app"
        onClick={[Function]}
      >
        useContext
      </a>
      <div
        className="collapse navbar-collapse"
        id="navbarNavAltMarkup"
      >
        <div
          className="navbar-nav"
        >
          <a
            aria-current={null}
            className="nav-item nav-link"
            href="/useContext-app"
            onClick={[Function]}
          >
            Home
          </a>
          <a
            aria-current={null}
            className="nav-item nav-link"
            href="/about"
            onClick={[Function]}
          >
            About
          </a>
          <a
            aria-current={null}
            className="nav-item nav-link"
            href="/login"
            onClick={[Function]}
          >
            Login
          </a>
        </div>
      </div>
    </nav>
    <div
      className="container"
    >
      <div>
        <h1>
          Homepage
        </h1>
        <hr />
        <pre>
          {
   "id": 0,
   "name": "Prueba"
}
        </pre>
      </div>
    </div>
  </div>,
  ")",
]
`;
