// Jest Snapshot v1, https://goo.gl/fbAQLP

exports[`Pruebas en el componente HomePage Debe mostrarse correctamente 1`] = `
Array [
  <div>
    <h1>
      Homepage
    </h1>
    <hr />
    <pre>
      {
   "id": 0,
   "name": "Prueba"
}
    </pre>
  </div>,
  ")",
]
`;
