// Jest Snapshot v1, https://goo.gl/fbAQLP

exports[`Pruebas en el componente LoginPage Debe mostrarse correctamente 1`] = `
Array [
  <div>
    <h1>
      Login
    </h1>
    <hr />
    <button
      className="btn btn-primary"
      onClick={[Function]}
    >
      Login
    </button>
  </div>,
  ")",
]
`;
